// Jest Snapshot v1, https://goo.gl/fbAQLP

exports[`user can not update account address if not logged in 1`] = `
Array [
  Object {
    "extensions": Object {
      "code": "FORBIDDEN",
      "exception": Object {
        "details": Object {},
        "error": "access-denied",
        "eventData": Object {},
        "isClientSafe": true,
        "reason": "Access Denied",
      },
    },
    "locations": Array [
      Object {
        "column": 3,
        "line": 2,
      },
    ],
    "message": "Access Denied",
    "path": Array [
      "updateAccountAddressBookEntry",
    ],
  },
]
`;
