// Jest Snapshot v1, https://goo.gl/fbAQLP

exports[`throws access-denied when updating simpleInventory if not an admin 1`] = `
Object {
  "extensions": Object {
    "code": "FORBIDDEN",
    "exception": Object {
      "details": Object {},
      "error": "access-denied",
      "eventData": Object {},
      "isClientSafe": true,
      "reason": "Access Denied",
    },
  },
  "locations": Array [
    Object {
      "column": 3,
      "line": 2,
    },
  ],
  "message": "Access Denied",
  "path": Array [
    "updateSimpleInventory",
  ],
}
`;
